// Jest Snapshot v1, https://goo.gl/fbAQLP

exports[`font-face adds font-face to sheet 1`] = `Array []`;
