// Jest Snapshot v1, https://goo.gl/fbAQLP

exports[`keyframes keyframes with interpolation 1`] = `
.css-1ufgv90 {
  -webkit-animation: animation_k1mnnl 2s linear infinite;
  animation: animation_k1mnnl 2s linear infinite;
}

<h1
  className="css-1ufgv90"
>
  hello world
</h1>
`;

exports[`keyframes keyframes with interpolation 2`] = `"@-webkit-keyframes animation_1w7bh5k{from, 20%, 53%, 80%, to {-webkit-animation-timing-function:cubic-bezier(0.215, 0.610, 0.355, 1.000);animation-timing-function:cubic-bezier(0.215, 0.610, 0.355, 1.000);-webkit-transform:translate3d(0,0,0);-ms-transform:translate3d(0,0,0);transform:translate3d(0,0,0);}40%, 43% {-webkit-animation-timing-function:cubic-bezier(0.755, 0.050, 0.855, 0.060);animation-timing-function:cubic-bezier(0.755, 0.050, 0.855, 0.060);-webkit-transform:translate3d(0, -30px, 0);-ms-transform:translate3d(0, -30px, 0);transform:translate3d(0, -30px, 0);}70% {-webkit-animation-timing-function:cubic-bezier(0.755, 0.050, 0.855, 0.060);animation-timing-function:cubic-bezier(0.755, 0.050, 0.855, 0.060);-webkit-transform:translate3d(0, -15px, 0);-ms-transform:translate3d(0, -15px, 0);transform:translate3d(0, -15px, 0);}90% {-webkit-transform:translate3d(0,-4px,0);-ms-transform:translate3d(0,-4px,0);transform:translate3d(0,-4px,0);}}@keyframes animation_1w7bh5k{from, 20%, 53%, 80%, to {-webkit-animation-timing-function:cubic-bezier(0.215, 0.610, 0.355, 1.000);animation-timing-function:cubic-bezier(0.215, 0.610, 0.355, 1.000);-webkit-transform:translate3d(0,0,0);-ms-transform:translate3d(0,0,0);transform:translate3d(0,0,0);}40%, 43% {-webkit-animation-timing-function:cubic-bezier(0.755, 0.050, 0.855, 0.060);animation-timing-function:cubic-bezier(0.755, 0.050, 0.855, 0.060);-webkit-transform:translate3d(0, -30px, 0);-ms-transform:translate3d(0, -30px, 0);transform:translate3d(0, -30px, 0);}70% {-webkit-animation-timing-function:cubic-bezier(0.755, 0.050, 0.855, 0.060);animation-timing-function:cubic-bezier(0.755, 0.050, 0.855, 0.060);-webkit-transform:translate3d(0, -15px, 0);-ms-transform:translate3d(0, -15px, 0);transform:translate3d(0, -15px, 0);}90% {-webkit-transform:translate3d(0,-4px,0);-ms-transform:translate3d(0,-4px,0);transform:translate3d(0,-4px,0);}}.css-xgcxry{-webkit-animation:animation_1w7bh5k 2s linear infinite;animation:animation_1w7bh5k 2s linear infinite;}@-webkit-keyframes animation_k1mnnl{from {-webkit-transform:rotate(0deg);-ms-transform:rotate(0deg);transform:rotate(0deg);}to {-webkit-transform:rotate(360deg);-ms-transform:rotate(360deg);transform:rotate(360deg);}}@keyframes animation_k1mnnl{from {-webkit-transform:rotate(0deg);-ms-transform:rotate(0deg);transform:rotate(0deg);}to {-webkit-transform:rotate(360deg);-ms-transform:rotate(360deg);transform:rotate(360deg);}}.css-1ufgv90{-webkit-animation:animation_k1mnnl 2s linear infinite;animation:animation_k1mnnl 2s linear infinite;}"`;

exports[`keyframes renders 1`] = `
.css-xgcxry {
  -webkit-animation: animation_1w7bh5k 2s linear infinite;
  animation: animation_1w7bh5k 2s linear infinite;
}

<h1
  className="css-xgcxry"
>
  hello world
</h1>
`;
