// Jest Snapshot v1, https://goo.gl/fbAQLP

exports[`keyframes - macro keyframes with interpolation 1`] = `
.css-dg8t7k {
  animation: animation_r3plcn 2s linear infinite;
  -webkit-animation: animation_r3plcn 2s linear infinite;
}

<h1
  className="css-dg8t7k"
>
  hello world
</h1>
`;

exports[`keyframes - macro keyframes with interpolation 2`] = `"@-webkit-keyframes animation_sozpa3{from, 20%, 53%, 80%, to {animation-timing-function:cubic-bezier(0.215, 0.610, 0.355, 1.000);transform:translate3d(0,0,0);-webkit-animation-timing-function:cubic-bezier(0.215, 0.610, 0.355, 1.000);-webkit-transform:translate3d(0,0,0);}40%, 43% {animation-timing-function:cubic-bezier(0.755, 0.050, 0.855, 0.060);transform:translate3d(0, -30px, 0);-webkit-animation-timing-function:cubic-bezier(0.755, 0.050, 0.855, 0.060);-webkit-transform:translate3d(0, -30px, 0);}70% {animation-timing-function:cubic-bezier(0.755, 0.050, 0.855, 0.060);transform:translate3d(0, -15px, 0);-webkit-animation-timing-function:cubic-bezier(0.755, 0.050, 0.855, 0.060);-webkit-transform:translate3d(0, -15px, 0);}90% {transform:translate3d(0,-4px,0);-webkit-transform:translate3d(0,-4px,0);}}@keyframes animation_sozpa3{from, 20%, 53%, 80%, to {animation-timing-function:cubic-bezier(0.215, 0.610, 0.355, 1.000);transform:translate3d(0,0,0);-webkit-animation-timing-function:cubic-bezier(0.215, 0.610, 0.355, 1.000);-webkit-transform:translate3d(0,0,0);}40%, 43% {animation-timing-function:cubic-bezier(0.755, 0.050, 0.855, 0.060);transform:translate3d(0, -30px, 0);-webkit-animation-timing-function:cubic-bezier(0.755, 0.050, 0.855, 0.060);-webkit-transform:translate3d(0, -30px, 0);}70% {animation-timing-function:cubic-bezier(0.755, 0.050, 0.855, 0.060);transform:translate3d(0, -15px, 0);-webkit-animation-timing-function:cubic-bezier(0.755, 0.050, 0.855, 0.060);-webkit-transform:translate3d(0, -15px, 0);}90% {transform:translate3d(0,-4px,0);-webkit-transform:translate3d(0,-4px,0);}}.css-y1pikg{animation:animation_sozpa3 2s linear infinite;-webkit-animation:animation_sozpa3 2s linear infinite;}@-webkit-keyframes animation_r3plcn{from {transform:rotate(0deg);-webkit-transform:rotate(0deg);}to {transform:rotate(360deg);-webkit-transform:rotate(360deg);}}@keyframes animation_r3plcn{from {transform:rotate(0deg);-webkit-transform:rotate(0deg);}to {transform:rotate(360deg);-webkit-transform:rotate(360deg);}}.css-dg8t7k{animation:animation_r3plcn 2s linear infinite;-webkit-animation:animation_r3plcn 2s linear infinite;}"`;

exports[`keyframes - macro renders 1`] = `
.css-y1pikg {
  animation: animation_sozpa3 2s linear infinite;
  -webkit-animation: animation_sozpa3 2s linear infinite;
}

<h1
  className="css-y1pikg"
>
  hello world
</h1>
`;
